     1                                  bits 32
     2                                  
     3                                  global start
     4                                  
     5                                  extern exit, scanf, printf
     6                                  import exit msvcrt.dll
     7                                  import scanf msvcrt.dll
     8                                  import printf msvcrt.dll
     9                                  
    10                                  segment data use32 class=data
    11 00000000 256400                      num_format db "%d", 0
    12 00000003 4C4F4C2025640A00            fnal db "LOL %d", 10, 0
    13 0000000B 257300                      str_format db "%s", 0
    14                                      
    15 0000000E 0A                          i db 10
    16                                      
    17                                      len1 equ 120
    18 0000000F 00000000                    ln dd 0
    19                                      
    20 00000013 00000000<rept>              sir times len1 dd 0
    21 000001F3 00<rept>                    sir2 times len1 db 0
    22                                      
    23                                  segment code use32 class=code:
    24                                      start:
    25 00000000 68[0F000000]                    push ln
    26 00000005 68[00000000]                    push num_format
    27 0000000A FF15[00000000]                  call [scanf]
    28 00000010 83C408                          add esp, 4*2
    29                                          
    30 00000013 BE00000000                      mov esi, 0
    31 00000018 8B0D[0F000000]                  mov ecx, [ln]
    32                                          
    33                                          read:
    34                                          
    35 0000001E 8D86[13000000]                      lea eax, [sir+esi]
    36 00000024 83C604                              add esi, 4
    37                                              
    38 00000027 60                                  pushad
    39                                              
    40 00000028 50                                  push eax
    41 00000029 68[00000000]                        push num_format
    42 0000002E FF15[00000000]                      call [scanf]
    43 00000034 83C408                              add esp, 4*2
    44                                              
    45 00000037 61                                  popad
    46                                              
    47 00000038 E2E4                            loop read
    48                                          
    49 0000003A BE00000000                      mov esi, 0
    50 0000003F 8B0D[0F000000]                  mov ecx, [ln]
    51                                          
    52 00000045 BE00000000                      mov esi, 0
    53 0000004A 8B0D[0F000000]                  mov ecx, [ln]
    54                                          
    55                                          read2:
    56                                          
    57 00000050 8D86[13000000]                      lea eax, [sir+esi]
    58 00000056 83C604                              add esi, 4
    59                                              
    60 00000059 60                                  pushad
    61                                              
    62 0000005A FF30                                push dword [eax]
    63 0000005C 68[03000000]                        push fnal
    64 00000061 FF15[00000000]                      call [printf]
    65 00000067 83C408                              add esp, 4*2
    66                                              
    67 0000006A 61                                  popad
    68                                              
    69 0000006B E2E3                            loop read2
    70                                          
    71 0000006D 6A00                        push dword 0
    72 0000006F FF15[00000000]              call [exit]
    73                                      
