     1                                  bits 32
     2                                  
     3                                  global start        
     4                                  
     5                                  extern exit
     6                                  import exit msvcrt.dll
     7                                  
     8                                  ;Given an array A of words, build two arrays of bytes:  
     9                                  ; - array B1 contains as elements the higher part of the words from A
    10                                  ; - array B2 contains as elements the lower part of the words from A
    11                                  
    12                                  segment data use32 class=data
    13                                      ;        0      1      0
    14 00000000 B10A23019409                A dw 0xAB1, 0x123, 0x994
    15                                      
    16                                      lenA EQU ($-A)
    17                                      
    18 00000006 00<rept>                    B1 times lenA db 0
    19 0000000C 00<rept>                    B2 times lenA db 0
    20                                  
    21                                  segment code use32 class=code
    22                                      start:
    23 00000000 B906000000                      MOV ECX, lenA
    24 00000005 E330                            JECXZ final
    25                                          
    26 00000007 BE[00000000]                    MOV ESI, A
    27 0000000C BF[0C000000]                    MOV EDI, B2
    28                                          
    29 00000011 FC                              CLD
    30                                  
    31                                          sir1:
    32 00000012 AC                                  LODSB
    33                                              
    34 00000013 6683E001                            AND AX, 0001
    35                                              
    36 00000017 AA                                  STOSB
    37 00000018 E2F8                            LOOP sir1
    38                                          
    39 0000001A B906000000                      MOV ECX, lenA
    40 0000001F E316                            JECXZ final
    41                                          
    42 00000021 BE[00000000]                    MOV ESI, A
    43 00000026 BF[06000000]                    MOV EDI, B1
    44                                          
    45 0000002B FC                              CLD
    46                                  
    47                                          sir2:
    48 0000002C AC                                  LODSB
    49                                              
    50 0000002D C1E810                              SHR EAX, 16
    51                                              
    52 00000030 6683E001                            AND AX, 0001
    53 00000034 AA                                  STOSB
    54                                              
    55 00000035 E2F5                            LOOP sir2
    56                                          
    57                                          
    58                                          final:
    59 00000037 6A00                            push    dword 0
    60 00000039 FF15[00000000]                  call    [exit]
